2026-10-01T09:46:23.8547579Z Current runner version: '2.337.0'
2026-10-01T09:46:23.8573240Z ##[group]Runner Image Provisioner
2026-10-01T09:46:23.8574224Z Hosted Compute Agent
2026-10-01T09:46:23.8575034Z Version: 20260828.587
2026-10-01T09:46:23.8575770Z Commit: abac92662cab4cc7352de4f9f9d2e2419aad9c29
2026-10-01T09:46:23.8576558Z Build Date: 2026-08-28T16:44:25Z
2026-10-01T09:46:23.8577274Z Worker ID: {4c9d7e96-0070-4bb7-861b-614de887dc30}
2026-10-01T09:46:23.8578123Z Azure Region: northcentralus
2026-10-01T09:46:23.8578763Z ##[endgroup]
2026-10-01T09:46:23.8580559Z ##[group]Operating System
2026-10-01T09:46:23.8581240Z Ubuntu
2026-10-01T09:46:23.8581797Z 24.04.5
2026-10-01T09:46:23.8582401Z LTS
2026-10-01T09:46:23.8582956Z ##[endgroup]
2026-10-01T09:46:23.8583592Z ##[group]Runner Image
2026-10-01T09:46:23.8584502Z Image: ubuntu-24.04
2026-10-01T09:46:23.8585107Z Version: 20260920.314.1
2026-10-01T09:46:23.8586489Z Included Software: https://github.com/actions/runner-images/blob/ubuntu24/20260920.314/images/ubuntu/Ubuntu2404-Readme.md
2026-10-01T09:46:23.8588084Z Image Release: https://github.com/actions/runner-images/releases/tag/ubuntu24%2F20260920.314
2026-10-01T09:46:23.8589179Z ##[endgroup]
2026-10-01T09:46:23.8590627Z ##[group]GITHUB_TOKEN Permissions
2026-10-01T09:46:23.8592634Z Contents: read
2026-10-01T09:46:23.8593384Z Metadata: read
2026-10-01T09:46:23.8594077Z ##[endgroup]
2026-10-01T09:46:23.8596107Z Secret source: Actions
2026-10-01T09:46:23.8597136Z Cache mode: write
2026-10-01T09:46:23.8597868Z Prepare workflow directory
2026-10-01T09:46:23.9000306Z Prepare all required actions
2026-10-01T09:46:23.9048301Z Getting action download info
2026-10-01T09:46:24.2346021Z Download action repository 'actions/checkout@v5' (SHA:fbc6f3992d24b796d5a048ff273f7fcc4a7b6c09)
2026-10-01T09:46:24.3165964Z Download action repository 'actions/setup-node@v5' (SHA:a0853c24544627f65ddf259abe73b1d18a591444)
2026-10-01T09:46:24.5568690Z Complete job name: swarm-ui typecheck / component tests
2026-10-01T09:46:24.6353994Z ##[group]Run actions/checkout@v5
2026-10-01T09:46:24.6354913Z with:
2026-10-01T09:46:24.6355425Z   repository: bogdan-alexandrescu/SwarmCloud
2026-10-01T09:46:24.6359684Z   token: ***
2026-10-01T09:46:24.6360344Z   ssh-strict: true
2026-10-01T09:46:24.6360836Z   ssh-user: git
2026-10-01T09:46:24.6361328Z   persist-credentials: true
2026-10-01T09:46:24.6361860Z   clean: true
2026-10-01T09:46:24.6362347Z   sparse-checkout-cone-mode: true
2026-10-01T09:46:24.6362916Z   fetch-depth: 1
2026-10-01T09:46:24.6363403Z   fetch-tags: false
2026-10-01T09:46:24.6363894Z   show-progress: true
2026-10-01T09:46:24.6364398Z   lfs: false
2026-10-01T09:46:24.6364855Z   submodules: false
2026-10-01T09:46:24.6365353Z   set-safe-directory: true
2026-10-01T09:46:24.6365910Z   allow-unsafe-pr-checkout: false
2026-10-01T09:46:24.6366660Z env:
2026-10-01T09:46:24.6367118Z   PYTHON_VERSION: 3.11
2026-10-01T09:46:24.6367640Z   KUBECTL_VERSION: v1.36.3
2026-10-01T09:46:24.6368182Z ##[endgroup]
2026-10-01T09:46:24.7418177Z Syncing repository: bogdan-alexandrescu/SwarmCloud
2026-10-01T09:46:24.7420974Z ##[group]Getting Git version info
2026-10-01T09:46:24.7421843Z Working directory is '/home/runner/work/SwarmCloud/SwarmCloud'
2026-10-01T09:46:24.7422983Z [command]/usr/bin/git version
2026-10-01T09:46:24.7485188Z git version 2.55.0
2026-10-01T09:46:24.7506552Z ##[endgroup]
2026-10-01T09:46:24.7521802Z Temporarily overriding HOME='/home/runner/work/_temp/dc7498b6-5b86-4069-9f7e-137b584bc779' before making global git config changes
2026-10-01T09:46:24.7523670Z Adding repository directory to the temporary git global config as a safe directory
2026-10-01T09:46:24.7527670Z [command]/usr/bin/git config --global --add safe.directory /home/runner/work/SwarmCloud/SwarmCloud
2026-10-01T09:46:24.7582967Z Deleting the contents of '/home/runner/work/SwarmCloud/SwarmCloud'
2026-10-01T09:46:24.7592474Z ##[group]Initializing the repository
2026-10-01T09:46:24.7594749Z [command]/usr/bin/git init /home/runner/work/SwarmCloud/SwarmCloud
2026-10-01T09:46:24.7718126Z hint: Using 'master' as the name for the initial branch. This default branch name
2026-10-01T09:46:24.7720643Z hint: will change to "main" in Git 3.0. To configure the initial branch name
2026-10-01T09:46:24.7722292Z hint: to use in all of your new repositories, which will suppress this warning,
2026-10-01T09:46:24.7723572Z hint: call:
2026-10-01T09:46:24.7724020Z hint:
2026-10-01T09:46:24.7724573Z hint: 	git config --global init.defaultBranch <name>
2026-10-01T09:46:24.7725263Z hint:
2026-10-01T09:46:24.7725900Z hint: Names commonly chosen instead of 'master' are 'main', 'trunk' and
2026-10-01T09:46:24.7726901Z hint: 'development'. The just-created branch can be renamed via this command:
2026-10-01T09:46:24.7727688Z hint:
2026-10-01T09:46:24.7728208Z hint: 	git branch -m <name>
2026-10-01T09:46:24.7731467Z hint:
2026-10-01T09:46:24.7732580Z hint: Disable this message with "git config set advice.defaultBranchName false"
2026-10-01T09:46:24.7733696Z Initialized empty Git repository in /home/runner/work/SwarmCloud/SwarmCloud/.git/
2026-10-01T09:46:24.7735593Z [command]/usr/bin/git remote add origin https://github.com/bogdan-alexandrescu/SwarmCloud
2026-10-01T09:46:24.7783333Z ##[endgroup]
2026-10-01T09:46:24.7784398Z ##[group]Disabling automatic garbage collection
2026-10-01T09:46:24.7787359Z [command]/usr/bin/git config --local gc.auto 0
2026-10-01T09:46:24.7823504Z ##[endgroup]
2026-10-01T09:46:24.7824482Z ##[group]Setting up auth
2026-10-01T09:46:24.7830759Z [command]/usr/bin/git config --local --name-only --get-regexp core\.sshCommand
2026-10-01T09:46:24.7868353Z [command]/usr/bin/git submodule foreach --recursive sh -c "git config --local --name-only --get-regexp 'core\.sshCommand' && git config --local --unset-all 'core.sshCommand' || :"
2026-10-01T09:46:24.8273366Z [command]/usr/bin/git config --local --name-only --get-regexp http\.https\:\/\/github\.com\/\.extraheader
2026-10-01T09:46:24.8334321Z [command]/usr/bin/git submodule foreach --recursive sh -c "git config --local --name-only --get-regexp 'http\.https\:\/\/github\.com\/\.extraheader' && git config --local --unset-all 'http.https://github.com/.extraheader' || :"
2026-10-01T09:46:24.8595172Z [command]/usr/bin/git config --local --name-only --get-regexp ^includeIf\.gitdir:
2026-10-01T09:46:24.8639332Z [command]/usr/bin/git submodule foreach --recursive git config --local --show-origin --name-only --get-regexp remote.origin.url
2026-10-01T09:46:24.8905783Z [command]/usr/bin/git config --local http.https://github.com/.extraheader AUTHORIZATION: basic ***
2026-10-01T09:46:24.8950898Z ##[endgroup]
2026-10-01T09:46:24.8952369Z ##[group]Fetching the repository
2026-10-01T09:46:24.8962841Z [command]/usr/bin/git -c protocol.version=2 fetch --no-tags --prune --no-recurse-submodules --depth=1 origin +c9bfd0a5e46f67084fd8f8c67be4c9a89122daf6:refs/remotes/pull/432/merge
2026-10-01T09:46:25.9426928Z From https://github.com/bogdan-alexandrescu/SwarmCloud
2026-10-01T09:46:25.9429327Z  * [new ref]         c9bfd0a5e46f67084fd8f8c67be4c9a89122daf6 -> pull/432/merge
2026-10-01T09:46:25.9432746Z ##[endgroup]
2026-10-01T09:46:25.9433985Z ##[group]Determining the checkout info
2026-10-01T09:46:25.9435367Z ##[endgroup]
2026-10-01T09:46:25.9448158Z [command]/usr/bin/git sparse-checkout disable
2026-10-01T09:46:25.9500952Z [command]/usr/bin/git config --local --unset-all extensions.worktreeConfig
2026-10-01T09:46:25.9535062Z ##[group]Checking out the ref
2026-10-01T09:46:25.9539337Z [command]/usr/bin/git checkout --progress --force refs/remotes/pull/432/merge
2026-10-01T09:46:26.1178496Z Note: switching to 'refs/remotes/pull/432/merge'.
2026-10-01T09:46:26.1179387Z 
2026-10-01T09:46:26.1180246Z You are in 'detached HEAD' state. You can look around, make experimental
2026-10-01T09:46:26.1181974Z changes and commit them, and you can discard any commits you make in this
2026-10-01T09:46:26.1183693Z state without impacting any branches by switching back to a branch.
2026-10-01T09:46:26.1184678Z 
2026-10-01T09:46:26.1185418Z If you want to create a new branch to retain commits you create, you may
2026-10-01T09:46:26.1187591Z do so (now or later) by using -c with the switch command. Example:
2026-10-01T09:46:26.1188859Z 
2026-10-01T09:46:26.1189420Z   git switch -c <new-branch-name>
2026-10-01T09:46:26.1190633Z 
2026-10-01T09:46:26.1191350Z Or undo this operation with:
2026-10-01T09:46:26.1192385Z 
2026-10-01T09:46:26.1193002Z   git switch -
2026-10-01T09:46:26.1193877Z 
2026-10-01T09:46:26.1195263Z Turn off this advice by setting config variable advice.detachedHead to false
2026-10-01T09:46:26.1197041Z 
2026-10-01T09:46:26.1199214Z HEAD is now at c9bfd0a Merge 6a28012c74cdb79bd8d206eaa905ded6e8b8c189 into 43a1198653c813dc0aefda8c716e73052eb32df3
2026-10-01T09:46:26.1205876Z ##[endgroup]
2026-10-01T09:46:26.1245157Z [command]/usr/bin/git log -1 --format=%H
2026-10-01T09:46:26.1274578Z c9bfd0a5e46f67084fd8f8c67be4c9a89122daf6
2026-10-01T09:46:26.1549228Z ##[group]Run set -euo pipefail
2026-10-01T09:46:26.1550753Z [36;1mset -euo pipefail[0m
2026-10-01T09:46:26.1552065Z [36;1mdockerfile=images/swarm-ui/Dockerfile[0m
2026-10-01T09:46:26.1554090Z [36;1mmajors="$(sed -nE 's/^ARG NODE_IMAGE=node:([0-9]+)[^0-9].*/\1/p' "$dockerfile")"[0m
2026-10-01T09:46:26.1556219Z [36;1mcount="$(printf '%s' "$majors" | grep -c . || true)"[0m
2026-10-01T09:46:26.1557803Z [36;1mif [ "$count" -ne 1 ]; then[0m
2026-10-01T09:46:26.1560184Z [36;1m  echo "::error file=${dockerfile}::expected exactly one 'ARG NODE_IMAGE=node:<major>-...' line, found ${count}"[0m
2026-10-01T09:46:26.1562569Z [36;1m  exit 1[0m
2026-10-01T09:46:26.1563553Z [36;1mfi[0m
2026-10-01T09:46:26.1564677Z [36;1mecho "major=${majors}" >> "$GITHUB_OUTPUT"[0m
2026-10-01T09:46:26.1566482Z [36;1mecho "swarm-ui builds with Node ${majors} (${dockerfile})"[0m
2026-10-01T09:46:26.1909595Z shell: /usr/bin/bash -e {0}
2026-10-01T09:46:26.1911077Z env:
2026-10-01T09:46:26.1912092Z   PYTHON_VERSION: 3.11
2026-10-01T09:46:26.1913196Z   KUBECTL_VERSION: v1.36.3
2026-10-01T09:46:26.1914337Z ##[endgroup]
2026-10-01T09:46:26.2082597Z swarm-ui builds with Node 24 (images/swarm-ui/Dockerfile)
2026-10-01T09:46:26.2314582Z ##[group]Run actions/setup-node@v5
2026-10-01T09:46:26.2315726Z with:
2026-10-01T09:46:26.2316581Z   node-version: 24
2026-10-01T09:46:26.2317527Z   cache: npm
2026-10-01T09:46:26.2318683Z   cache-dependency-path: apps/swarm-ui/package-lock.json
2026-10-01T09:46:26.2320372Z   always-auth: false
2026-10-01T09:46:26.2321331Z   check-latest: false
2026-10-01T09:46:26.2330621Z   token: ***
2026-10-01T09:46:26.2331578Z   package-manager-cache: true
2026-10-01T09:46:26.2332690Z env:
2026-10-01T09:46:26.2333572Z   PYTHON_VERSION: 3.11
2026-10-01T09:46:26.2334610Z   KUBECTL_VERSION: v1.36.3
2026-10-01T09:46:26.2335675Z ##[endgroup]
2026-10-01T09:46:26.3827337Z Found in cache @ /opt/hostedtoolcache/node/24.21.0/x64
2026-10-01T09:46:26.3831736Z (node:2260) [DEP0040] DeprecationWarning: The `punycode` module is deprecated. Please use a userland alternative instead.
2026-10-01T09:46:26.3836142Z (Use `node --trace-deprecation ...` to show where the warning was created)
2026-10-01T09:46:26.3840403Z ##[group]Environment details
2026-10-01T09:46:26.7482750Z node: v24.21.0
2026-10-01T09:46:26.7484334Z npm: 11.19.0
2026-10-01T09:46:26.7485692Z yarn: 1.22.22
2026-10-01T09:46:26.7488212Z ##[endgroup]
2026-10-01T09:46:26.7506023Z [command]/opt/hostedtoolcache/node/24.21.0/x64/bin/npm config get cache
2026-10-01T09:46:26.8642795Z /home/runner/.npm
2026-10-01T09:46:27.0042606Z npm cache is not found
2026-10-01T09:46:27.0172642Z ##[group]Run set -euo pipefail
2026-10-01T09:46:27.0172993Z [36;1mset -euo pipefail[0m
2026-10-01T09:46:27.0173334Z [36;1mgot="$(node -p 'process.versions.node.split(".")[0]')"[0m
2026-10-01T09:46:27.0173722Z [36;1mif [ -z "${WANT_NODE_MAJOR}" ]; then[0m
2026-10-01T09:46:27.0174417Z [36;1m  echo "::error::setup-node was given no Node major (steps.node.outputs.major is empty), so it installed nothing; this job would run on the runner's Node ${got}"[0m
2026-10-01T09:46:27.0175074Z [36;1m  exit 1[0m
2026-10-01T09:46:27.0175290Z [36;1mfi[0m
2026-10-01T09:46:27.0175710Z [36;1mif [ "${got}" != "${WANT_NODE_MAJOR}" ]; then[0m
2026-10-01T09:46:27.0176256Z [36;1m  echo "::error::the ui job runs Node ${got}, but images/swarm-ui/Dockerfile builds with Node ${WANT_NODE_MAJOR}"[0m
2026-10-01T09:46:27.0176750Z [36;1m  exit 1[0m
2026-10-01T09:46:27.0176989Z [36;1mfi[0m
2026-10-01T09:46:27.0177383Z [36;1mecho "running Node ${got}, the major images/swarm-ui/Dockerfile builds with"[0m
2026-10-01T09:46:27.0261204Z shell: /usr/bin/bash -e {0}
2026-10-01T09:46:27.0261491Z env:
2026-10-01T09:46:27.0261727Z   PYTHON_VERSION: 3.11
2026-10-01T09:46:27.0261990Z   KUBECTL_VERSION: v1.36.3
2026-10-01T09:46:27.0262247Z   WANT_NODE_MAJOR: 24
2026-10-01T09:46:27.0262471Z ##[endgroup]
2026-10-01T09:46:27.0686969Z running Node 24, the major images/swarm-ui/Dockerfile builds with
2026-10-01T09:46:27.0725025Z ##[group]Run set -euo pipefail
2026-10-01T09:46:27.0725363Z [36;1mset -euo pipefail[0m
2026-10-01T09:46:27.0725698Z [36;1mecho "node $(node --version), npm $(npm --version)"[0m
2026-10-01T09:46:27.0726117Z [36;1mnpm ci --no-audit --no-fund[0m
2026-10-01T09:46:27.0802543Z shell: /usr/bin/bash -e {0}
2026-10-01T09:46:27.0802828Z env:
2026-10-01T09:46:27.0803055Z   PYTHON_VERSION: 3.11
2026-10-01T09:46:27.0803312Z   KUBECTL_VERSION: v1.36.3
2026-10-01T09:46:27.0803570Z ##[endgroup]
2026-10-01T09:46:27.1705860Z node v24.21.0, npm 11.19.0
2026-10-01T09:46:28.7858474Z npm warn deprecated whatwg-encoding@3.1.1: Use @exodus/bytes instead for a more spec-conformant and faster implementation
2026-10-01T09:46:30.6923457Z 
2026-10-01T09:46:30.6924194Z added 226 packages in 3s
2026-10-01T09:46:30.6934493Z npm warn install-scripts 1 package has install scripts not yet covered by allowScripts:
2026-10-01T09:46:30.6935957Z npm warn install-scripts   esbuild@0.21.5 (postinstall: node install.js)
2026-10-01T09:46:30.6936879Z npm warn install-scripts
2026-10-01T09:46:30.6938082Z npm warn install-scripts Run `npm install-scripts ls` to review, or `npm install-scripts approve <pkg>` to allow.
2026-10-01T09:46:30.7529564Z ##[group]Run npm run typecheck
2026-10-01T09:46:30.7530149Z [36;1mnpm run typecheck[0m
2026-10-01T09:46:30.7597663Z shell: /usr/bin/bash -e {0}
2026-10-01T09:46:30.7597952Z env:
2026-10-01T09:46:30.7598182Z   PYTHON_VERSION: 3.11
2026-10-01T09:46:30.7598448Z   KUBECTL_VERSION: v1.36.3
2026-10-01T09:46:30.7598718Z ##[endgroup]
2026-10-01T09:46:30.8616314Z 
2026-10-01T09:46:30.8617041Z > swarm-ui@0.1.0 typecheck
2026-10-01T09:46:30.8617725Z > tsc -b --noEmit
2026-10-01T09:46:30.8618070Z 
2026-10-01T09:46:42.1677954Z ##[error]src/__tests__/shell.test.tsx(2241,29): error TS2352: Conversion of type 'HTMLButtonElement[]' to type '[Element, Element]' may be a mistake because neither type sufficiently overlaps with the other. If this was intentional, convert the expression to 'unknown' first.
2026-10-01T09:46:42.1687738Z   Target requires 2 element(s) but source may have fewer.
2026-10-01T09:46:42.2330720Z ##[error]Process completed with exit code 1.
2026-10-01T09:46:42.2493055Z Post job cleanup.
2026-10-01T09:46:42.3355262Z [command]/usr/bin/git version
2026-10-01T09:46:42.3399911Z git version 2.55.0
2026-10-01T09:46:42.3436260Z Temporarily overriding HOME='/home/runner/work/_temp/97ceffa6-08bb-4583-b4f0-9a59f5898ec0' before making global git config changes
2026-10-01T09:46:42.3437783Z Adding repository directory to the temporary git global config as a safe directory
2026-10-01T09:46:42.3442158Z [command]/usr/bin/git config --global --add safe.directory /home/runner/work/SwarmCloud/SwarmCloud
2026-10-01T09:46:42.3483198Z [command]/usr/bin/git config --local --name-only --get-regexp core\.sshCommand
2026-10-01T09:46:42.3520633Z [command]/usr/bin/git submodule foreach --recursive sh -c "git config --local --name-only --get-regexp 'core\.sshCommand' && git config --local --unset-all 'core.sshCommand' || :"
2026-10-01T09:46:42.3783023Z [command]/usr/bin/git config --local --name-only --get-regexp http\.https\:\/\/github\.com\/\.extraheader
2026-10-01T09:46:42.3819247Z http.https://github.com/.extraheader
2026-10-01T09:46:42.3842238Z [command]/usr/bin/git config --local --unset-all http.https://github.com/.extraheader
2026-10-01T09:46:42.3880891Z [command]/usr/bin/git submodule foreach --recursive sh -c "git config --local --name-only --get-regexp 'http\.https\:\/\/github\.com\/\.extraheader' && git config --local --unset-all 'http.https://github.com/.extraheader' || :"
2026-10-01T09:46:42.4163841Z [command]/usr/bin/git config --local --name-only --get-regexp ^includeIf\.gitdir:
2026-10-01T09:46:42.4202794Z [command]/usr/bin/git submodule foreach --recursive git config --local --show-origin --name-only --get-regexp remote.origin.url
2026-10-01T09:46:42.4689176Z Cleaning up orphan processes
